[23:29:40.863] plan question#1 done#1 question#2 done#2 question#3 done#3 · spend est $2.1243 · this probe so far $0.0768 of $0.6
[23:29:43.813] instances A pid 30012 (Home closed), B pid 30013 (Home open) · app c2b5c0a canon --compare: compare the kind of each truth mismatch, not its clock; report dropped first clicks and the fold @ ultra/round-0 · perms {"ax":true,"screen":true}
[23:29:43.892] == question #1 (vibepet) · status idle
[23:29:52.455]   block: reg idle at +4.5 s · record +4.3 s endsWithQ true
[23:30:03.041]   attempt: {"clicks":3,"keys":4,"action":"reply","sendTo":{"ok":false,"why":"couldn't find its tab"},"resolved":false,"jump":false}
[23:30:03.460]   result {"t0":"2026-10-01T23:29:50.468Z","t0From":"transcript","detectAmbientS":0.9,"detectAmbientRegS":0.7,"bubbleS":0.9,"ledS":0.9,"faceS":0.9,"rowS":0.9,"rowRegS":0.7,"offerS":0.9,"offerAction":"reply","bannerS":0.6,"soundS":0.6,"goneS":null,"phaseS":0.9,"queueHeadS":0.9,"wrong":null,"otherBubble":null,"actionWorks":false,"clicks":3,"keys":4} · spent ~$0.0079
[23:30:03.540] == done #1 (vibepet) · status idle
[23:30:09.317]   block: reg idle at +1.7 s · record +1.6 s
[23:30:23.530]   attempt: {"clicks":2,"keys":0,"action":null,"result":"no Reply on its row (actions: replay done goal)","resolved":false,"jump":false}
[23:30:23.926]   result {"t0":"2026-10-01T23:30:07.377Z","t0From":"transcript","detectAmbientS":2.1,"detectAmbientRegS":2,"bubbleS":null,"ledS":2.1,"faceS":2.1,"rowS":2.1,"rowRegS":2,"offerS":null,"offerAction":null,"bannerS":null,"soundS":null,"goneS":null,"phaseS":2.1,"queueHeadS":2.1,"wrong":null,"otherBubble":null,"actionWorks":false,"clicks":2,"keys":0} · spent ~$0.0062
[23:30:24.001] == question #2 (vibepet) · status idle
[23:30:30.913]   block: reg idle at +2.8 s · record +2.7 s endsWithQ true
[23:30:41.978]   attempt: {"clicks":3,"keys":4,"action":"reply","sendTo":{"ok":false,"why":"couldn't find its tab"},"resolved":false,"jump":false}
[23:30:42.452]   result {"t0":"2026-10-01T23:30:29.049Z","t0From":"transcript","detectAmbientS":1.3,"detectAmbientRegS":1.2,"bubbleS":1.3,"ledS":1.3,"faceS":1.3,"rowS":1.3,"rowRegS":1.2,"offerS":1.3,"offerAction":"reply","bannerS":1,"soundS":1,"goneS":null,"phaseS":1.3,"queueHeadS":1.3,"wrong":null,"otherBubble":null,"actionWorks":false,"clicks":3,"keys":4} · spent ~$0.0072
[23:30:42.539] == done #2 (vibepet) · status idle
[23:30:47.975]   block: reg idle at +1.3 s · record +1.3 s
[23:31:02.048]   attempt: {"clicks":2,"keys":0,"action":null,"result":"no Reply on its row (actions: replay done goal)","resolved":false,"jump":false}
[23:31:02.464]   result {"t0":"2026-10-01T23:30:46.085Z","t0From":"transcript","detectAmbientS":2.3,"detectAmbientRegS":2.2,"bubbleS":null,"ledS":2.3,"faceS":2.3,"rowS":2.3,"rowRegS":2.2,"offerS":null,"offerAction":null,"bannerS":null,"soundS":null,"goneS":null,"phaseS":2.3,"queueHeadS":2.3,"wrong":null,"otherBubble":null,"actionWorks":false,"clicks":2,"keys":0} · spent ~$0.0061
[23:31:02.545] == question #3 (vibepet) · status idle
[23:31:09.648]   block: reg idle at +3.2 s · record +3.1 s endsWithQ true
[23:31:20.684]   attempt: {"clicks":3,"keys":4,"action":"reply","sendTo":{"ok":false,"why":"couldn't find its tab"},"resolved":false,"jump":false}
[23:31:21.106]   result {"t0":"2026-10-01T23:31:07.905Z","t0From":"transcript","detectAmbientS":1.4,"detectAmbientRegS":1.4,"bubbleS":1.4,"ledS":1.4,"faceS":1.4,"rowS":1.4,"rowRegS":1.4,"offerS":1.4,"offerAction":"reply","bannerS":1.4,"soundS":1.4,"goneS":null,"phaseS":1.4,"queueHeadS":1.4,"wrong":null,"otherBubble":null,"actionWorks":false,"clicks":3,"keys":4} · spent ~$0.0078
[23:31:21.212] == done #3 (vibepet) · status idle
[23:31:26.630]   block: reg idle at +1.3 s · record +1.2 s
[23:31:41.451]   attempt: {"clicks":2,"keys":0,"action":null,"result":"no Reply on its row (actions: replay done goal)","resolved":false,"jump":false}
[23:31:41.859]   result {"t0":"2026-10-01T23:31:24.675Z","t0From":"transcript","detectAmbientS":2.6,"detectAmbientRegS":2.6,"bubbleS":2.9,"ledS":2.6,"faceS":2.6,"rowS":2.6,"rowRegS":2.6,"offerS":null,"offerAction":null,"bannerS":2.6,"soundS":2.6,"goneS":null,"phaseS":2.6,"queueHeadS":2.6,"wrong":null,"otherBubble":null,"actionWorks":false,"clicks":2,"keys":0} · spent ~$0.0061
[23:31:42.910] closed quit/0 orphans, quit/0 orphans · B reopened 0× · poll errors 0 · spend est $2.1656 · this probe $0.1181 of $0.6
