vibepet
     1–19  s  truth idle       ui hidden   
    21–23  s  truth idle       ui running  vibepet · 0s
    25–423 s  truth idle       ui ready    vibepet · done 7m ago
   425–479 s  truth idle       ui hidden   
atlas
     1–19  s  truth idle       ui hidden   
    21–21  s  truth busy       ui running  atlas · 0s
    23–479 s  truth busy+tool  ui running  atlas · 0s
beacon
     1–9   s  truth question   ui hidden   
    11–15  s  truth idle       ui hidden   
    17–17  s  truth busy       ui hidden   
    19–109 s  truth question   ui running  beacon · 1m 30s
   111–147 s  truth question   ui stuck    beacon · stuck 1m
   149–235 s  truth question   ui running  beacon · 1m 28s
   237–479 s  truth question   ui stuck    beacon · stuck 4m
kestrel
     1–7   s  truth approval   ui stuck    kestrel · stuck 1m
     9–11  s  truth idle       ui stuck    kestrel · stuck 1m
    13–13  s  truth idle       ui hidden   
    15–107 s  truth approval   ui running  kestrel · 1m 30s
   109–479 s  truth approval   ui stuck    kestrel · stuck 6m
delta
     1–29  s  truth idle       ui hidden   
    31–31  s  truth busy       ui hidden   
    33–35  s  truth busy       ui running  delta · 0s
    37–187 s  truth busy+tool  ui running  delta · 2m 33s fan 3/3/0
   189–189 s  truth busy       ui running  delta · 2m 36s fan 1/3/0
   191–191 s  truth idle       ui running  delta · 2m 36s fan 1/3/0
   193–255 s  truth idle       ui ready    delta · done 1m ago fan 0/3/0
   257–257 s  truth busy       ui ready    delta · done 1m ago fan 0/3/0
   259–259 s  truth busy       ui running  delta · 0s fan 1/1/0
   261–409 s  truth busy+tool  ui running  delta · 2m 31s fan 3/3/0
   411–413 s  truth busy       ui running  delta · 2m 34s fan 3/3/0
   415–479 s  truth idle       ui ready    delta · done 1m ago fan 0/3/0
extra:ember
    27–29  s  truth not a live fleet session ui running  ember · 0s
    31–35  s  truth not a live fleet session ui ready    ember · done just now
ember
    37–309 s  truth idle       ui ready    ember · done 5m ago
   311–311 s  truth busy       ui ready    ember · done 5m ago
   313–315 s  truth idle       ui running  ember · 0s
   317–479 s  truth idle       ui ready    ember · done 3m ago
240 samples → /Users/christopherharris/projects/vibepet/docs/ultra/round-0/baseline/watch  (close quit, orphans 0)
