09:30:26.460 A: click latency
09:30:31.829  single 0 {"detail":1,"toShown":1.1,"toFrame1":9.8,"toPainted":25.4,"toVisible":59.8,"toRows":25.4,"toFocus":13.3,"downToPainted":79.9,"load":"11.37 16.15 24.97"}
09:30:33.408  single 1 {"detail":1,"toShown":0.3,"toFrame1":10.9,"toPainted":27.6,"toVisible":60.9,"toRows":10.9,"toFocus":2.2,"downToPainted":82.1,"load":"11.37 16.15 24.97"}
09:30:34.290  single 2 {"detail":1,"toShown":0.7,"toFrame1":10.3,"toPainted":27,"toVisible":59.3,"toRows":10.3,"toFocus":2.9,"downToPainted":80.4,"load":"11.37 16.15 24.97"}
09:30:35.318  single 3 {"detail":1,"toShown":0.4,"toFrame1":13.1,"toPainted":28,"toVisible":45.6,"toRows":13.1,"toFocus":1.9,"downToPainted":79.6,"load":"10.70 15.94 24.84"}
09:30:36.599  single 4 {"detail":1,"toShown":0.6,"toFrame1":-4.1,"toPainted":12.5,"toVisible":62.5,"toRows":-4.1,"toFocus":5.5,"downToPainted":75.7,"load":"10.70 15.94 24.84"}
09:30:37.714  single 5 {"detail":1,"toShown":0.4,"toFrame1":2.1,"toPainted":16.9,"toVisible":52.1,"toRows":2.1,"toFocus":2.4,"downToPainted":71.3,"load":"10.70 15.94 24.84"}
09:30:39.092  single 6 {"detail":1,"toShown":0.4,"toFrame1":11.4,"toPainted":26.3,"toVisible":61.4,"toRows":11.4,"toFocus":2.3,"downToPainted":93.4,"load":"10.70 15.94 24.84"}
09:30:44.633  double 0 {"detail":1,"toShown":0.5,"toFrame1":9.7,"toPainted":26.4,"toVisible":57.9,"toRows":9.7,"toFocus":4.9,"downToPainted":108.2,"shows":1,"hides":0,"openAfter":true,"ups":[1,2],"nextClickCloses":true,"nextClickToHidden":0.5,"load":"27.18 19.28 25.92"}
09:30:47.626  double 1 {"detail":1,"toShown":0.6,"toFrame1":-0.6,"toPainted":15.1,"toVisible":49.2,"toRows":-0.6,"toFocus":3.9,"downToPainted":89.6,"shows":1,"hides":0,"openAfter":true,"ups":[1,2],"nextClickCloses":true,"nextClickToHidden":0.6,"load":"27.18 19.28 25.92"}
09:30:49.487  double 2 {"detail":1,"toShown":0.5,"toFrame1":-0.4,"toPainted":14.3,"toVisible":66.3,"toRows":-0.4,"toFocus":4.5,"downToPainted":85.6,"shows":1,"hides":0,"openAfter":true,"ups":[1,2],"nextClickCloses":true,"nextClickToHidden":0.3,"load":"27.18 19.28 25.92"}
09:30:51.144  double 3 {"detail":1,"toShown":0.4,"toFrame1":6.1,"toPainted":24.4,"toVisible":57.8,"toRows":6.1,"toFocus":2.7,"downToPainted":81.2,"shows":1,"hides":0,"openAfter":true,"ups":[1,2],"nextClickCloses":true,"nextClickToHidden":0.7,"load":"38.94 21.85 26.79"}
09:30:52.835  double 4 {"detail":1,"toShown":0.5,"toFrame1":1,"toPainted":18.6,"toVisible":51.9,"toRows":1,"toFocus":4.3,"downToPainted":94.3,"shows":1,"hides":0,"openAfter":true,"ups":[1,2],"nextClickCloses":true,"nextClickToHidden":0.4,"load":"38.94 21.85 26.79"}
09:30:54.728  double 5 {"detail":1,"toShown":0.5,"toFrame1":5.6,"toPainted":22.3,"toVisible":55.6,"toRows":5.6,"toFocus":2.7,"downToPainted":77.9,"shows":1,"hides":0,"openAfter":true,"ups":[1,2],"nextClickCloses":true,"nextClickToHidden":0.7,"load":"51.28 24.69 27.76"}
09:30:56.942  double 6 {"detail":1,"toShown":0.5,"toFrame1":0.9,"toPainted":18.7,"toVisible":50.1,"toRows":0.9,"toFocus":3.3,"downToPainted":104,"shows":1,"hides":0,"openAfter":true,"ups":[1,2],"nextClickCloses":true,"nextClickToHidden":0.3,"load":"51.28 24.69 27.76"}
09:31:19.631 B: Open Home key handler, run in main
09:31:27.264  key 0 {"toShown":17.6,"toFrame1":14.2,"toPainted":15.6,"toVisible":82.7,"toRows":15.6,"toFocus":17,"active":"chatInput","open":true,"load":"132.19 47.25 35.85","secondPressCloses":true}
09:31:28.072  key 1 {"toShown":2.5,"toFrame1":-4.2,"toPainted":14.3,"toVisible":46.1,"toRows":-4.2,"toFocus":2.3,"active":"chatInput","open":true,"load":"132.19 47.25 35.85","secondPressCloses":true}
09:31:28.832  key 2 {"toShown":2.1,"toFrame1":-6.7,"toPainted":9.9,"toVisible":41.4,"toRows":-6.7,"toFocus":1.9,"active":"chatInput","open":true,"load":"132.19 47.25 35.85","secondPressCloses":true}
09:31:29.696  key 3 {"toShown":1.9,"toFrame1":-11.4,"toPainted":3.7,"toVisible":55.2,"toRows":-11.4,"toFocus":1.8,"active":"chatInput","open":true,"load":"127.29 47.64 36.06","secondPressCloses":true}
09:31:30.498  key 4 {"toShown":2.7,"toFrame1":-13.7,"toPainted":2.9,"toVisible":51.4,"toRows":-13.7,"toFocus":2.6,"active":"chatInput","open":true,"load":"127.29 47.64 36.06","secondPressCloses":true}
09:31:31.237  key 5 {"toShown":1.9,"toFrame1":5.7,"toPainted":20.8,"toVisible":37.7,"toRows":5.7,"toFocus":1.9,"active":"chatInput","open":true,"load":"127.29 47.64 36.06","secondPressCloses":true}
09:31:32.041  key 6 {"toShown":3.4,"toFrame1":-2.8,"toPainted":13.4,"toVisible":45.5,"toRows":-2.8,"toFocus":3.2,"active":"chatInput","open":true,"load":"127.29 47.64 36.06","secondPressCloses":true}
09:31:32.683 C: two instances, one key
09:31:35.143  A {"pid":97322,"keys":{"home":{"key":"Control+Alt+Command+F18","label":"⌃⌥⌘F18","on":true,"taken":false,"alt":null},"jump":{"key":"Control+Alt+Command+F19","label":"⌃⌥⌘F19","on":true,"taken":false,"alt":null},"rec":{"key":null,"label":"Off","on":false,"taken":false,"alt":null}},"registered":[["Control+Alt+Command+F19",true],["Control+Alt+Command+F18",true],["Control+Alt+Command+R",false],["Control+Alt+Command+J",false]]}
09:31:35.143  B {"pid":97514,"keys":{"home":{"key":"Control+Alt+Command+F18","label":"⌃⌥⌘F18","on":false,"taken":true,"alt":"⌃⌥⌘H"},"jump":{"key":"Control+Alt+Command+F19","label":"⌃⌥⌘F19","on":false,"taken":true,"alt":"⌃⌥⌘J"},"rec":{"key":null,"label":"Off","on":false,"taken":false,"alt":null}},"registered":[["Control+Alt+Command+F19",false],["Control+Alt+Command+F18",false],["Control+Alt+Command+R",false],["Control+Alt+Command+J",false]]}
09:31:36.625   A [{"label":"Jump key","sub":["○ ⌃⌥⌘J","○ ⌥⌘J","○ Off"]},{"label":"Open Home key","sub":["○ ⌃⌥⌘H","○ ⌃⌥⌘Space","○ Off"]},{"label":"Set API key…"}] "⌃⌥⌘F18 open Home\n⌃⌥⌘F19 jump to who needs you\nrecord a short: off"
09:31:38.005   B [{"label":"Jump key (taken by another vibepet · try ⌃⌥⌘J)","sub":["○ ⌃⌥⌘J","○ ⌥⌘J","○ Off"]},{"label":"Open Home key (taken by another vibepet · try ⌃⌥⌘H)","sub":["○ ⌃⌥⌘H","○ ⌃⌥⌘Space","○ Off"]},{"label":"Set API key…"}] "⌃⌥⌘F18 open Home: taken by another vibepet, try ⌃⌥⌘H (⋯ → Settings → Open Home key)\n⌃⌥⌘F19 jump to who needs you: taken by another vibepet, try ⌃⌥⌘J (⋯ → Settings → Jump key)\nrecord a short: off"
09:31:38.010  B stub {"replaced":true,"recorded":["Control+Alt+Command+F17"],"osRegistered":false}
09:31:39.015  B ⌥⌘J {"menuClick":{"ok":true,"label":"⌥⌘J"},"setupKeys":"⌃⌥⌘F18 open Home: taken by another vibepet, try ⌃⌥⌘H (⋯ → Settings → Open Home key)\n⌥⌘J jump to who needs you\nrecord a short: off","jump":{"key":"Alt+Command+J","label":"⌥⌘J","on":true,"taken":false,"alt":null},"setupStillOpen":true}
09:31:40.104  B Off {"menuClick":{"ok":true,"label":"Off"},"setupKeys":"⌃⌥⌘F18 open Home: taken by another vibepet, try ⌃⌥⌘H (⋯ → Settings → Open Home key)\njump to who needs you: off\nrecord a short: off","jump":{"key":null,"label":"Off","on":false,"taken":false,"alt":null},"setupStillOpen":true}
09:31:47.331  B takeover {"homeOn":true,"ms":4352,"keys":{"home":{"key":"Control+Alt+Command+F18","label":"⌃⌥⌘F18","on":true,"taken":false,"alt":null},"jump":{"key":null,"label":"Off","on":false,"taken":false,"alt":null},"rec":{"key":null,"label":"Off","on":false,"taken":false,"alt":null}},"setupKeys":"⌃⌥⌘F18 open Home\njump to who needs you: off\nrecord a short: off"}
09:31:51.715 D: /setup from the keyboard
09:32:09.624  tab {"controls":19,"walk":["pet:net","pet:slime","pet:cat","pet:sprout","pet:shroom","pet:star","pet:koi","size:s","size:m","size:l","feel:calm","feel:lively","feel:still","alerts:blocked","alerts:done","alerts:all","perm:ax","perm:screen","done","BAR"],"allReached":true,"outside":[],"barAt":19,"shiftTabFromBar":"done"}
09:32:16.840  ticks {"waited":3,"kept":true,"active":{"tag":"BUTTON","id":null,"k":"size","v":"m","perm":null,"done":false,"text":"Medium","inSetup":true,"bar":false},"nextTab":"l"}
09:32:18.250  choice {"pressed":{"tag":"BUTTON","id":null,"k":"alerts","v":"done","perm":null,"done":false,"text":"+ Finished","inSetup":true,"bar":false},"on":true,"alerts":"done","back":{"active":{"tag":"BUTTON","id":null,"k":"alerts","v":"all","perm":null,"done":false,"text":"Everything","inSetup":true,"bar":false},"alerts":"all","alerts0":"all"}}
09:32:20.622  typed {"focusWas":"sprout","pet0":"net","pet":"net","notesAdded":1,"lastNote":"Goals set: 0 · hit: 0 · time drifting: 0m\n\n◎ Before anything","active":{"tag":"INPUT","id":"chatInput","k":null,"v":null,"perm":null,"done":false,"text":"","inSetup":false,"bar":true},"setupShown":true} {"pet":"net","notesAdded":1,"active":{"tag":"INPUT","id":"chatInput","k":null,"v":null,"perm":null,"done":false,"text":"","inSetup":false,"bar":true},"setupShown":true}
09:32:22.079  esc {"closed":true,"reopen":{"setupShown":false,"nowShown":true,"active":"chatInput"}}
09:32:23.529  done {"onDone":true,"setupShown":false,"nowShown":true,"active":"chatInput","setupDone":true}
09:32:24.142 wrote /Users/christopherharris/projects/vibepet/docs/ultra/round-1/fixes/keys-entry/after/run1/results.json
