13:07:10.535 A: click latency
13:07:15.978  single 0 {"detail":1,"toShown":0.5,"toFrame1":6.6,"toPainted":23.2,"toVisible":56.6,"toRows":23.2,"toFocus":11.9,"downToPainted":79.2,"load":"19.15 15.37 25.97"}
13:07:17.661  single 1 {"detail":1,"toShown":0.2,"toFrame1":12,"toPainted":28.7,"toVisible":45.4,"toRows":12,"toFocus":2.3,"downToPainted":81.7,"load":"19.15 15.37 25.97"}
13:07:18.480  single 2 {"detail":1,"toShown":0.3,"toFrame1":13.1,"toPainted":29.7,"toVisible":63.1,"toRows":13.1,"toFocus":1.7,"downToPainted":81.8,"load":"17.85 15.16 25.84"}
13:07:19.286  single 3 {"detail":1,"toShown":0.3,"toFrame1":13.9,"toPainted":30.7,"toVisible":64,"toRows":13.9,"toFocus":1.8,"downToPainted":82.1,"load":"17.85 15.16 25.84"}
13:07:20.117  single 4 {"detail":1,"toShown":0.2,"toFrame1":14,"toPainted":29.9,"toVisible":64,"toRows":14,"toFocus":1.8,"downToPainted":81.2,"load":"17.85 15.16 25.84"}
13:07:20.951  single 5 {"detail":1,"toShown":0.3,"toFrame1":12.7,"toPainted":29.3,"toVisible":62.7,"toRows":12.7,"toFocus":1.9,"downToPainted":81.7,"load":"17.85 15.16 25.84"}
13:07:21.767  single 6 {"detail":1,"toShown":0.2,"toFrame1":13.2,"toPainted":29.9,"toVisible":62.5,"toRows":13.2,"toFocus":1.6,"downToPainted":82,"load":"17.85 15.16 25.84"}
13:07:26.404  double 0 {"detail":1,"toShown":0.3,"toFrame1":13.4,"toPainted":29.4,"toVisible":63.4,"toRows":13.4,"toFocus":1.7,"downToPainted":81.4,"shows":1,"hides":0,"openAfter":true,"ups":[1,2],"nextClickCloses":false,"nextClickToHidden":null,"load":"17.30 15.09 25.75"}
13:07:31.004  double 1 {"detail":1,"shows":0,"hides":0,"openAfter":false,"ups":[1,2],"nextClickCloses":true,"nextClickToHidden":null,"load":"16.08 14.88 25.61"}
13:07:35.340  double 2 {"detail":1,"shows":0,"hides":0,"openAfter":false,"ups":[1,2],"nextClickCloses":true,"nextClickToHidden":null,"load":"15.75 14.83 25.53"}
13:07:39.708  double 3 {"detail":1,"shows":0,"hides":0,"openAfter":false,"ups":[1,2],"nextClickCloses":true,"nextClickToHidden":null,"load":"14.89 14.66 25.41"}
13:07:44.074  double 4 {"detail":1,"shows":0,"hides":0,"openAfter":false,"ups":[1,2],"nextClickCloses":true,"nextClickToHidden":null,"load":"13.86 14.45 25.27"}
13:07:48.409  double 5 {"detail":1,"shows":0,"hides":0,"openAfter":false,"ups":[1,2],"nextClickCloses":true,"nextClickToHidden":null,"load":"14.35 14.55 25.24"}
13:07:52.859  double 6 {"detail":1,"shows":0,"hides":0,"openAfter":false,"ups":[1,2],"nextClickCloses":true,"nextClickToHidden":null,"load":"14.35 14.55 25.24"}
13:07:53.298 B: Open Home key handler, run in main
13:07:59.317  key 0 {"toShown":15.3,"toFrame1":13.8,"toPainted":13.8,"toVisible":47.1,"toRows":13.8,"toFocus":15,"active":"chatInput","open":true,"load":"12.68 14.18 24.99","secondPressCloses":true}
13:07:59.981  key 1 {"toShown":2.1,"toFrame1":-1.4,"toPainted":15.2,"toVisible":31.4,"toRows":-1.4,"toFocus":2,"active":"chatInput","open":true,"load":"12.68 14.18 24.99","secondPressCloses":true}
13:08:00.713  key 2 {"toShown":1.8,"toFrame1":0.1,"toPainted":16.1,"toVisible":49,"toRows":0.1,"toFocus":1.8,"active":"chatInput","open":true,"load":"12.68 14.18 24.99","secondPressCloses":true}
13:08:01.424  key 3 {"toShown":1.5,"toFrame1":-14.4,"toPainted":2.2,"toVisible":35.5,"toRows":-14.4,"toFocus":1.5,"active":"chatInput","open":true,"load":"12.68 14.18 24.99","secondPressCloses":true}
13:08:02.180  key 4 {"toShown":2.3,"toFrame1":-0.5,"toPainted":16.2,"toVisible":49.4,"toRows":-0.5,"toFocus":2.2,"active":"chatInput","open":true,"load":"12.68 14.18 24.99","secondPressCloses":true}
13:08:02.902  key 5 {"toShown":4.2,"toFrame1":0.5,"toPainted":17,"toVisible":50.5,"toRows":0.5,"toFocus":4.1,"active":"chatInput","open":true,"load":"12.68 14.18 24.99","secondPressCloses":true}
13:08:03.612  key 6 {"toShown":1.6,"toFrame1":-4.2,"toPainted":12.3,"toVisible":45.7,"toRows":-4.2,"toFocus":1.5,"active":"chatInput","open":true,"load":"12.54 14.13 24.91","secondPressCloses":true}
13:08:04.088 C: two instances, one key
13:08:05.806  A {"pid":71690,"keys":{"home":{"key":"Control+Alt+Command+F18","label":"⌃⌥⌘F18","on":true,"taken":false,"alt":null},"jump":{"key":"Control+Alt+Command+F19","label":"⌃⌥⌘F19","on":true,"taken":false,"alt":null},"rec":{"key":null,"label":"Off","on":false,"taken":false,"alt":null}},"registered":[["Control+Alt+Command+F19",true],["Control+Alt+Command+F18",true],["Control+Alt+Command+R",false],["Control+Alt+Command+J",false]]}
13:08:05.806  B {"pid":71998,"keys":{"home":{"key":"Control+Alt+Command+F18","label":"⌃⌥⌘F18","on":false,"taken":true,"alt":"⌃⌥⌘H"},"jump":{"key":"Control+Alt+Command+F19","label":"⌃⌥⌘F19","on":false,"taken":true,"alt":"⌃⌥⌘J"},"rec":{"key":null,"label":"Off","on":false,"taken":false,"alt":null}},"registered":[["Control+Alt+Command+F19",false],["Control+Alt+Command+F18",false],["Control+Alt+Command+R",false],["Control+Alt+Command+J",false]]}
13:08:07.045   A [{"label":"Jump key","sub":["○ ⌃⌥⌘J","○ ⌥⌘J","○ Off"]},{"label":"Open Home key","sub":["○ ⌃⌥⌘H","○ ⌃⌥⌘Space","○ Off"]},{"label":"Set API key…"}] "⌃⌥⌘F18 open Home\n⌃⌥⌘F19 jump to who needs you\nrecord a short: off"
13:08:08.299   B [{"label":"Jump key (taken by another vibepet · try ⌃⌥⌘J)","sub":["○ ⌃⌥⌘J","○ ⌥⌘J","○ Off"]},{"label":"Open Home key (taken by another vibepet · try ⌃⌥⌘H)","sub":["○ ⌃⌥⌘H","○ ⌃⌥⌘Space","○ Off"]},{"label":"Set API key…"}] "⌃⌥⌘F18 open Home: taken by another vibepet, try ⌃⌥⌘H (⋯ → Settings → Open Home key)\n⌃⌥⌘F19 jump to who needs you: taken by another vibepet, try ⌃⌥⌘J (⋯ → Settings → Jump key)\nrecord a short: off"
13:08:08.302  B stub {"replaced":true,"recorded":["Control+Alt+Command+F17"],"osRegistered":false}
13:08:09.531  B ⌥⌘J {"menuClick":{"ok":true,"label":"⌥⌘J"},"setupKeys":"⌃⌥⌘F18 open Home: taken by another vibepet, try ⌃⌥⌘H (⋯ → Settings → Open Home key)\n⌥⌘J jump to who needs you\nrecord a short: off","jump":{"key":"Alt+Command+J","label":"⌥⌘J","on":true,"taken":false,"alt":null},"setupStillOpen":true}
13:08:10.705  B Off {"menuClick":{"ok":true,"label":"Off"},"setupKeys":"⌃⌥⌘F18 open Home: taken by another vibepet, try ⌃⌥⌘H (⋯ → Settings → Open Home key)\njump to who needs you: off\nrecord a short: off","jump":{"key":null,"label":"Off","on":false,"taken":false,"alt":null},"setupStillOpen":true}
13:08:17.758  B takeover {"homeOn":true,"ms":4502,"keys":{"home":{"key":"Control+Alt+Command+F18","label":"⌃⌥⌘F18","on":true,"taken":false,"alt":null},"jump":{"key":null,"label":"Off","on":false,"taken":false,"alt":null},"rec":{"key":null,"label":"Off","on":false,"taken":false,"alt":null}},"setupKeys":"⌃⌥⌘F18 open Home\njump to who needs you: off\nrecord a short: off"}
13:08:18.124 D: /setup from the keyboard
13:08:23.678  tab {"controls":19,"walk":["pet:net","pet:slime","pet:cat","pet:sprout","pet:shroom","pet:star","pet:koi","size:s","size:m","size:l","feel:calm","feel:lively","feel:still","alerts:blocked","alerts:done","alerts:all","perm:ax","perm:screen","done","BAR"],"allReached":true,"outside":[],"barAt":19,"shiftTabFromBar":"done"}
13:08:30.467  ticks {"waited":3,"kept":true,"active":{"tag":"BUTTON","id":null,"k":"size","v":"m","perm":null,"done":false,"text":"Medium","inSetup":true,"bar":false},"nextTab":"l"}
13:08:31.722  choice {"pressed":{"tag":"BUTTON","id":null,"k":"alerts","v":"done","perm":null,"done":false,"text":"+ Finished","inSetup":true,"bar":false},"on":true,"alerts":"done","back":{"active":{"tag":"BUTTON","id":null,"k":"alerts","v":"all","perm":null,"done":false,"text":"Everything","inSetup":true,"bar":false},"alerts":"all","alerts0":"all"}}
13:08:33.854  typed {"focusWas":"sprout","pet0":"net","pet":"net","notesAdded":1,"lastNote":"Goals set: 0 · hit: 0 · time drifting: 0m\n\n◎ Before anything","active":{"tag":"INPUT","id":"chatInput","k":null,"v":null,"perm":null,"done":false,"text":"","inSetup":false,"bar":true},"setupShown":true} {"pet":"net","notesAdded":1,"active":{"tag":"INPUT","id":"chatInput","k":null,"v":null,"perm":null,"done":false,"text":"","inSetup":false,"bar":true},"setupShown":true}
13:08:35.170  esc {"closed":true,"reopen":{"setupShown":false,"nowShown":true,"active":"chatInput"}}
13:08:36.489  done {"onDone":true,"setupShown":false,"nowShown":true,"active":"chatInput","setupDone":true}
13:08:36.846 wrote /Users/christopherharris/projects/vibepet/docs/ultra/round-1/fixes/keys-entry/gate/recap-r1/results.json
